I'm sorry, but errors were detected in your script. Please correct the
errors listed below, and try again.


File "game/script.rpy", line 47: play requires a file
    play default_theme
                      ^

Ren'Py Version: Ren'Py 7.5.0.22062402
Sat Jul  2 23:34:55 2022
